################################################################################
#                                                                              #
#      IAR Universal Linker V4.60I/386                                         #
#                                                                              #
#           Link time     =  04/Nov/2025  18:55:09                             #
#           Target CPU    =  ARM                                               #
#           List file     =  E:\hallo\table\经典鼠程序\出厂程序Maze\Debug\List #
#                            \Maze.map                                         #
#           Output file 1 =  E:\hallo\table\经典鼠程序\出厂程序Maze\Debug\Exe\ #
#                            Maze.d79                                          #
#                            Format: debug                                     #
#                            UBROF version 10.0.2                              #
#                            Using library modules for C-SPY (-rt)             #
#           Output file 2 =  E:\hallo\table\经典鼠程序\出厂程序Maze\Debug\Exe\ #
#                            Maze.sim                                          #
#                            Format: simple-code                               #
#           Command line  =  "C:\Program Files (x86)\IAR Systems\Embedded Work #
#                            bench 4.0 Kickstart\arm\lib\Luminary\driverlib.r7 #
#                            9"                                                #
#                            E:\hallo\table\经典鼠程序\出厂程序Maze\Debug\Obj\ #
#                            Mouse_Drive.r79                                   #
#                            E:\hallo\table\经典鼠程序\出厂程序Maze\Debug\Obj\ #
#                            astar_core.r79                                    #
#                            E:\hallo\table\经典鼠程序\出厂程序Maze\Debug\Obj\ #
#                            drive_7289.r79                                    #
#                            E:\hallo\table\经典鼠程序\出厂程序Maze\Debug\Obj\ #
#                            maze.r79                                          #
#                            E:\hallo\table\经典鼠程序\出厂程序Maze\Debug\Obj\ #
#                            motion_params.r79                                 #
#                            E:\hallo\table\经典鼠程序\出厂程序Maze\Debug\Obj\ #
#                            path_cache.r79                                    #
#                            E:\hallo\table\经典鼠程序\出厂程序Maze\Debug\Obj\ #
#                            path_optimizer.r79                                #
#                            E:\hallo\table\经典鼠程序\出厂程序Maze\Debug\Obj\ #
#                            startup.r79                                       #
#                            -o                                                #
#                            E:\hallo\table\经典鼠程序\出厂程序Maze\Debug\Exe\ #
#                            Maze.d79                                          #
#                            -l                                                #
#                            E:\hallo\table\经典鼠程序\出厂程序Maze\Debug\List #
#                            \Maze.map                                         #
#                            -xms                                              #
#                            "-IC:\Program Files (x86)\IAR Systems\Embedded Wo #
#                            rkbench 4.0 Kickstart\arm\LIB\"                   #
#                            -f                                                #
#                            "C:\Program Files (x86)\IAR Systems\Embedded Work #
#                            bench 4.0 Kickstart\arm\config\lnk_LM3.xcl"       #
#                            (-carm -DROMSTART=00000000 -DROMEND=0003FFFF      #
#                            -DRAMSTART=20000000 -DRAMEND=2000FFFF             #
#                            -Z(CODE)INTVEC=ROMSTART-ROMEND                    #
#                            -Z(CODE)ICODE,DIFUNCT=ROMSTART-ROMEND             #
#                            -Z(CODE)CODE=ROMSTART-ROMEND                      #
#                            -Z(CONST)CODE_ID=ROMSTART-ROMEND                  #
#                            -Z(CONST)INITTAB,DATA_ID,DATA_C=ROMSTART-ROMEND   #
#                            -Z(CONST)CHECKSUM=ROMSTART-ROMEND                 #
#                            -Z(DATA)VTABLE=RAMSTART-RAMEND                    #
#                            -Z(DATA)DATA_I,DATA_Z,DATA_N=RAMSTART-RAMEND      #
#                            -Z(DATA)CODE_I=RAMSTART-RAMEND) -rt               #
#                            "C:\Program Files (x86)\IAR Systems\Embedded Work #
#                            bench 4.0 Kickstart\arm\LIB\dl7mptnnl8n.r79"      #
#                            -Osimple-code=E:\hallo\table\经典鼠程序\出厂程序M #
#                            aze\Debug\Exe\Maze.sim                            #
#                            -s ResetISR -e__write_buffered=__write            #
#                                                                              #
#                        Copyright 1987-2007 IAR Systems. All rights reserved. #
################################################################################





                ****************************************
                *                                      *
                *           CROSS REFERENCE            *
                *                                      *
                ****************************************

       Program entry at :           00002D69  Relocatable, from module : startup




                ****************************************
                *                                      *
                *            RUNTIME MODEL             *
                *                                      *
                ****************************************

  StackAlign4   = USED
  __cpu_mode    = __pcs__thumb
  __data_model  = absolute
  __endian      = little
  __rt_version  = 6
  __thumb_aware = enabled



                ****************************************
                *                                      *
                *              MODULE MAP              *
                *                                      *
                ****************************************


  DEFINED ABSOLUTE ENTRIES
    *************************************************************************

  DEFINED ABSOLUTE ENTRIES
  PROGRAM MODULE, NAME : ?ABS_ENTRY_MOD

Absolute parts
           ENTRY                   ADDRESS         REF BY
           =====                   =======         ======
           RAMEND                  2000FFFF 
           RAMSTART                20000000 
           ROMEND                  0003FFFF 
           ROMSTART                00000000 
    *************************************************************************

  FILE NAME : C:\Program Files (x86)\IAR Systems\Embedded Workbench 4.0 Kickstart\arm\lib\Luminary\driverlib.r79
  LIBRARY MODULE, NAME : __lib_adc

  SEGMENTS IN THE MODULE
  ======================
CODE
  Relative segment, address: 000000F0 - 00000107 (0x18 bytes), align: 2
  Segment part 7.
           ENTRY                   ADDRESS         REF BY
           =====                   =======         ======
           ADCIntStatus            000000F1        voltageDetect (Mouse_Drive)
    -------------------------------------------------------------------------
CODE
  Relative segment, address: 00000108 - 0000010F (0x8 bytes), align: 2
  Segment part 8.
           ENTRY                   ADDRESS         REF BY
           =====                   =======         ======
           ADCIntClear             00000109        voltageDetect (Mouse_Drive)
    -------------------------------------------------------------------------
CODE
  Relative segment, address: 00000110 - 0000011B (0xc bytes), align: 2
  Segment part 9.
           ENTRY                   ADDRESS         REF BY
           =====                   =======         ======
           ADCSequenceEnable       00000111        __ADCInit (Mouse_Drive)
    -------------------------------------------------------------------------
CODE
  Relative segment, address: 0000011C - 00000149 (0x2e bytes), align: 2
  Segment part 11.
           ENTRY                   ADDRESS         REF BY
           =====                   =======         ======
           ADCSequenceConfigure    0000011D        __ADCInit (Mouse_Drive)
               stack 1 = 00000000 ( 00000008 )
    -------------------------------------------------------------------------
CODE
  Relative segment, address: 0000014C - 00000183 (0x38 bytes), align: 2
  Segment part 12.
           ENTRY                   ADDRESS         REF BY
           =====                   =======         ======
           ADCSequenceStepConfigure
                                   0000014D        __ADCInit (Mouse_Drive)
               stack 1 = 00000000 ( 00000004 )
    -------------------------------------------------------------------------
CODE
  Relative segment, address: 00000184 - 000001A5 (0x22 bytes), align: 2
  Segment part 17.
           ENTRY                   ADDRESS         REF BY
           =====                   =======         ======
           ADCSequenceDataGet      00000185        voltageDetect (Mouse_Drive)
    -------------------------------------------------------------------------
CODE
  Relative segment, address: 000001A8 - 000001AF (0x8 bytes), align: 2
  Segment part 18.
           ENTRY                   ADDRESS         REF BY
           =====                   =======         ======
           ADCProcessorTrigger     000001A9        voltageDetect (Mouse_Drive)
    -------------------------------------------------------------------------
CODE
  Relative segment, address: 000001B0 - 000001C1 (0x12 bytes), align: 2
  Segment part 23.
           ENTRY                   ADDRESS         REF BY
           =====                   =======         ======
           ADCHardwareOversampleConfigure
                                   000001B1        __ADCInit (Mouse_Drive)

    -------------------------------------------------------------------------
  LIBRARY MODULE, NAME : __lib_cpu

  SEGMENTS IN THE MODULE
  ======================
CODE
  Relative segment, address: 000001C4 - 000001D7 (0x14 bytes), align: 2
  Segment part 0.
           ENTRY                   ADDRESS         REF BY
           =====                   =======         ======
           CPUcpsid                000001C5 
           CPUcpsie                000001CD        IntMasterEnable (__lib_interrupt)
           CPUwfi                  000001D5 

    -------------------------------------------------------------------------
  LIBRARY MODULE, NAME : __lib_gpio

  SEGMENTS IN THE MODULE
  ======================
CODE
  Relative segment, address: 000001D8 - 00000221 (0x4a bytes), align: 2
  Segment part 3.             Intra module refs:   GPIOPinTypePWM
           ENTRY                   ADDRESS         REF BY
           =====                   =======         ======
           GPIODirModeSet          000001D9        Init_7289 (drive_7289)
                                                   SPIWrite_7289 (drive_7289)
                                                   __keyInit (Mouse_Drive)
                                                   __sensorInit (Mouse_Drive)
                                                   __stepMotorIint (Mouse_Drive)
               stack 1 = 00000000 ( 00000004 )
    -------------------------------------------------------------------------
CODE
  Relative segment, address: 00000224 - 00000337 (0x114 bytes), align: 2
  Segment part 7.             Intra module refs:   GPIOPinTypePWM
           ENTRY                   ADDRESS         REF BY
           =====                   =======         ======
           GPIOPadConfigSet        00000225 
               stack 1 = 00000000 ( 00000008 )
    -------------------------------------------------------------------------
CODE
  Relative segment, address: 00000338 - 0000033D (0x6 bytes), align: 2
  Segment part 15.
           ENTRY                   ADDRESS         REF BY
           =====                   =======         ======
           GPIOPinRead             00000339        __irCheck (Mouse_Drive)
                                                   keyCheck (Mouse_Drive)
    -------------------------------------------------------------------------
CODE
  Relative segment, address: 00000340 - 00000345 (0x6 bytes), align: 2
  Segment part 16.
           ENTRY                   ADDRESS         REF BY
           =====                   =======         ======
           GPIOPinWrite            00000341        CmdDat_7289 (drive_7289)
                                                   Cmd_7289 (drive_7289)
                                                   Init_7289 (drive_7289)
                                                   SPIWrite_7289 (drive_7289)
                                                   SysTick_ISR (Mouse_Drive)
                                                   __leftMotorContr (Mouse_Drive)
                                                   __rightMotorContr (Mouse_Drive)
                                                   __stepMotorIint (Mouse_Drive)
    -------------------------------------------------------------------------
CODE
  Relative segment, address: 00000348 - 00000365 (0x1e bytes), align: 2
  Segment part 23.
           ENTRY                   ADDRESS         REF BY
           =====                   =======         ======
           GPIOPinTypePWM          00000349        __sensorInit (Mouse_Drive)
               stack 1 = 00000000 ( 0000000C )

    -------------------------------------------------------------------------
  LIBRARY MODULE, NAME : __lib_interrupt

  SEGMENTS IN THE MODULE
  ======================
CODE
  Relative segment, address: 00000368 - 00000373 (0xc bytes), align: 2
  Segment part 6.
           ENTRY                   ADDRESS         REF BY
           =====                   =======         ======
           IntMasterEnable         00000369        mouseInit (Mouse_Drive)
               stack 1 = 00000000 ( 00000004 )
    -------------------------------------------------------------------------
CODE
  Relative segment, address: 00000374 - 000003E7 (0x74 bytes), align: 2
  Segment part 18.
           ENTRY                   ADDRESS         REF BY
           =====                   =======         ======
           IntEnable               00000375        __stepMotorIint (Mouse_Drive)
    -------------------------------------------------------------------------
CODE
  Relative segment, address: 000003E8 - 000003EB (0x4 bytes), align: 2
  Segment part 20.            Intra module refs:   IntEnable
    -------------------------------------------------------------------------
CODE
  Relative segment, address: 000003EC - 000003EF (0x4 bytes), align: 2
  Segment part 21.            Intra module refs:   IntEnable

    -------------------------------------------------------------------------
  LIBRARY MODULE, NAME : __lib_pwm

  SEGMENTS IN THE MODULE
  ======================
CODE
  Relative segment, address: 000003F0 - 0000041B (0x2c bytes), align: 2
  Segment part 2.
           ENTRY                   ADDRESS         REF BY
           =====                   =======         ======
           PWMGenConfigure         000003F1        __sensorInit (Mouse_Drive)
    -------------------------------------------------------------------------
CODE
  Relative segment, address: 0000041C - 00000431 (0x16 bytes), align: 2
  Segment part 3.
           ENTRY                   ADDRESS         REF BY
           =====                   =======         ======
           PWMGenPeriodSet         0000041D        __irSendFreq (Mouse_Drive)
    -------------------------------------------------------------------------
CODE
  Relative segment, address: 00000434 - 0000043D (0xa bytes), align: 2
  Segment part 5.
           ENTRY                   ADDRESS         REF BY
           =====                   =======         ======
           PWMGenEnable            00000435        __irSendFreq (Mouse_Drive)
    -------------------------------------------------------------------------
CODE
  Relative segment, address: 00000440 - 00000449 (0xa bytes), align: 2
  Segment part 6.
           ENTRY                   ADDRESS         REF BY
           =====                   =======         ======
           PWMGenDisable           00000441        __irCheck (Mouse_Drive)
                                                   __sensorInit (Mouse_Drive)
    -------------------------------------------------------------------------
CODE
  Relative segment, address: 0000044C - 00000469 (0x1e bytes), align: 2
  Segment part 7.
           ENTRY                   ADDRESS         REF BY
           =====                   =======         ======
           PWMPulseWidthSet        0000044D        __irSendFreq (Mouse_Drive)
    -------------------------------------------------------------------------
CODE
  Relative segment, address: 0000046C - 0000047F (0x14 bytes), align: 2
  Segment part 13.
           ENTRY                   ADDRESS         REF BY
           =====                   =======         ======
           PWMOutputState          0000046D        __sensorInit (Mouse_Drive)

    -------------------------------------------------------------------------
  LIBRARY MODULE, NAME : __lib_sysctl

  SEGMENTS IN THE MODULE
  ======================
DATA_C
  Relative segment, address: 00002FB4 - 00002FBF (0xc bytes), align: 2
  Segment part 4.             Intra module refs:   Segment part 16
           LOCAL                   ADDRESS         
           =====                   =======         
           g_pulRCGCRegs           00002FB4 
    -------------------------------------------------------------------------
DATA_C
  Relative segment, address: 00002FC0 - 00002FFF (0x40 bytes), align: 2
  Segment part 7.             Intra module refs:   SysCtlClockGet
           LOCAL                   ADDRESS         
           =====                   =======         
           g_pulXtals              00002FC0 
    -------------------------------------------------------------------------
CODE
  Relative segment, address: 00000480 - 000004AB (0x2c bytes), align: 2
  Segment part 14.
           ENTRY                   ADDRESS         REF BY
           =====                   =======         ======
           SysCtlPeripheralEnable
                                   00000481        Init_7289 (drive_7289)
                                                   __ADCInit (Mouse_Drive)
                                                   __sensorInit (Mouse_Drive)
                                                   __stepMotorIint (Mouse_Drive)
                                                   mouseInit (Mouse_Drive)
    -------------------------------------------------------------------------
CODE
  Relative segment, address: 000004AC - 000004AF (0x4 bytes), align: 2
  Segment part 16.            Intra module refs:   SysCtlPeripheralEnable
    -------------------------------------------------------------------------
CODE
  Relative segment, address: 000004B0 - 000004B7 (0x8 bytes), align: 2
  Segment part 42.            Intra module refs:   SysCtlClockSet
           LOCAL                   ADDRESS         
           =====                   =======         
           SysCtlDelay             000004B1 
    -------------------------------------------------------------------------
CODE
  Relative segment, address: 000004B8 - 0000060B (0x154 bytes), align: 2
  Segment part 43.
           ENTRY                   ADDRESS         REF BY
           =====                   =======         ======
           SysCtlClockSet          000004B9        mouseInit (Mouse_Drive)
               stack 1 = 00000000 ( 00000010 )
    -------------------------------------------------------------------------
CODE
  Relative segment, address: 0000060C - 0000060F (0x4 bytes), align: 2
  Segment part 44.            Intra module refs:   SysCtlClockSet
    -------------------------------------------------------------------------
CODE
  Relative segment, address: 00000610 - 00000613 (0x4 bytes), align: 2
  Segment part 45.            Intra module refs:   SysCtlClockSet
    -------------------------------------------------------------------------
CODE
  Relative segment, address: 00000614 - 00000617 (0x4 bytes), align: 2
  Segment part 46.            Intra module refs:   SysCtlClockSet
    -------------------------------------------------------------------------
CODE
  Relative segment, address: 00000618 - 0000076F (0x158 bytes), align: 2
  Segment part 47.
           ENTRY                   ADDRESS         REF BY
           =====                   =======         ======
           SysCtlClockGet          00000619        __irSendFreq (Mouse_Drive)
                                                   __sysTickInit (Mouse_Drive)
                                                   delayus (drive_7289)
               stack 1 = 00000000 ( 0000000C )
    -------------------------------------------------------------------------
CODE
  Relative segment, address: 00000770 - 00000773 (0x4 bytes), align: 2
  Segment part 48.            Intra module refs:   SysCtlClockGet
                                                   SysCtlClockSet
    -------------------------------------------------------------------------
CODE
  Relative segment, address: 00000774 - 00000777 (0x4 bytes), align: 2
  Segment part 49.            Intra module refs:   SysCtlClockGet
                                                   SysCtlClockSet
    -------------------------------------------------------------------------
CODE
  Relative segment, address: 00000778 - 00000789 (0x12 bytes), align: 2
  Segment part 50.
           ENTRY                   ADDRESS         REF BY
           =====                   =======         ======
           SysCtlPWMClockSet       00000779        __sensorInit (Mouse_Drive)
    -------------------------------------------------------------------------
CODE
  Relative segment, address: 0000078C - 000007C7 (0x3c bytes), align: 2
  Segment part 52.
           ENTRY                   ADDRESS         REF BY
           =====                   =======         ======
           SysCtlADCSpeedSet       0000078D        __ADCInit (Mouse_Drive)
    -------------------------------------------------------------------------
CODE
  Relative segment, address: 000007C8 - 000007CB (0x4 bytes), align: 2
  Segment part 54.            Intra module refs:   SysCtlADCSpeedSet
    -------------------------------------------------------------------------
CODE
  Relative segment, address: 000007CC - 000007CF (0x4 bytes), align: 2
  Segment part 58.            Intra module refs:   SysCtlClockGet
                                                   SysCtlPWMClockSet

    -------------------------------------------------------------------------
  LIBRARY MODULE, NAME : __lib_systick

  SEGMENTS IN THE MODULE
  ======================
CODE
  Relative segment, address: 000007D0 - 000007DD (0xe bytes), align: 2
  Segment part 2.
           ENTRY                   ADDRESS         REF BY
           =====                   =======         ======
           SysTickEnable           000007D1        __sysTickInit (Mouse_Drive)
    -------------------------------------------------------------------------
CODE
  Relative segment, address: 000007E0 - 000007ED (0xe bytes), align: 2
  Segment part 6.
           ENTRY                   ADDRESS         REF BY
           =====                   =======         ======
           SysTickIntEnable        000007E1        __sysTickInit (Mouse_Drive)
    -------------------------------------------------------------------------
CODE
  Relative segment, address: 000007F0 - 000007F3 (0x4 bytes), align: 2
  Segment part 8.             Intra module refs:   SysTickEnable
                                                   SysTickIntEnable
    -------------------------------------------------------------------------
CODE
  Relative segment, address: 000007F4 - 000007FB (0x8 bytes), align: 2
  Segment part 9.
           ENTRY                   ADDRESS         REF BY
           =====                   =======         ======
           SysTickPeriodSet        000007F5        __sysTickInit (Mouse_Drive)
    -------------------------------------------------------------------------
CODE
  Relative segment, address: 000007FC - 000007FF (0x4 bytes), align: 2
  Segment part 11.            Intra module refs:   SysTickPeriodSet

    -------------------------------------------------------------------------
  LIBRARY MODULE, NAME : __lib_timer

  SEGMENTS IN THE MODULE
  ======================
CODE
  Relative segment, address: 00000800 - 0000080B (0xc bytes), align: 2
  Segment part 2.
           ENTRY                   ADDRESS         REF BY
           =====                   =======         ======
           TimerEnable             00000801        __stepMotorIint (Mouse_Drive)
    -------------------------------------------------------------------------
CODE
  Relative segment, address: 0000080C - 0000080F (0x4 bytes), align: 2
  Segment part 4.             Intra module refs:   TimerEnable
    -------------------------------------------------------------------------
CODE
  Relative segment, address: 00000810 - 00000833 (0x24 bytes), align: 2
  Segment part 5.
           ENTRY                   ADDRESS         REF BY
           =====                   =======         ======
           TimerConfigure          00000811        __stepMotorIint (Mouse_Drive)
    -------------------------------------------------------------------------
CODE
  Relative segment, address: 00000834 - 00000845 (0x12 bytes), align: 2
  Segment part 16.
           ENTRY                   ADDRESS         REF BY
           =====                   =======         ======
           TimerLoadSet            00000835        __speedContrL (Mouse_Drive)
                                                   __speedContrR (Mouse_Drive)
                                                   __stepMotorIint (Mouse_Drive)
    -------------------------------------------------------------------------
CODE
  Relative segment, address: 00000848 - 0000084F (0x8 bytes), align: 2
  Segment part 26.
           ENTRY                   ADDRESS         REF BY
           =====                   =======         ======
           TimerIntEnable          00000849        __stepMotorIint (Mouse_Drive)
    -------------------------------------------------------------------------
CODE
  Relative segment, address: 00000850 - 00000853 (0x4 bytes), align: 2
  Segment part 29.
           ENTRY                   ADDRESS         REF BY
           =====                   =======         ======
           TimerIntClear           00000851        Timer0A_ISR (Mouse_Drive)
                                                   Timer1A_ISR (Mouse_Drive)

    *************************************************************************

  FILE NAME : E:\hallo\table\经典鼠程序\出厂程序Maze\Debug\Obj\Mouse_Drive.r79
  PROGRAM MODULE, NAME : Mouse_Drive

  SEGMENTS IN THE MODULE
  ======================
DATA_Z
  Relative segment, address: 20002098 - 20002099 (0x2 bytes), align: 0
  Segment part 2.             Intra module refs:   Segment part 100
                                                   Segment part 101
           ENTRY                   ADDRESS         REF BY
           =====                   =======         ======
           GmcMouse                20002098        Segment part 27 (maze)
                                                   Segment part 28 (maze)
                                                   Segment part 33 (maze)
                                                   Segment part 34 (maze)
                                                   Segment part 44 (maze)
                                                   Segment part 45 (maze)
    -------------------------------------------------------------------------
DATA_Z
  Relative segment, address: 2000209A - 2000209A (0x1 bytes), align: 0
  Segment part 3.             Intra module refs:   Segment part 91
                                                   Segment part 99
           ENTRY                   ADDRESS         REF BY
           =====                   =======         ======
           GucMouseDir             2000209A        Segment part 25 (maze)
                                                   Segment part 35 (maze)
    -------------------------------------------------------------------------
DATA_Z
  Relative segment, address: 20000018 - 20000117 (0x100 bytes), align: 2
  Segment part 4.             Intra module refs:   Segment part 105
           ENTRY                   ADDRESS         REF BY
           =====                   =======         ======
           GucMapBlock             20000018        Segment part 31 (maze)
                                                   Segment part 39 (maze)
                                                   astarFindPath (astar_core)
    -------------------------------------------------------------------------
DATA_Z
  Relative segment, address: 20000118 - 20000127 (0x10 bytes), align: 2
  Segment part 5.             Intra module refs:   Segment part 26
                                                   Segment part 46
                                                   Segment part 47
                                                   Segment part 48
                                                   Segment part 51
                                                   Segment part 56
                                                   Segment part 60
                                                   Segment part 62
                                                   Segment part 66
                                                   Segment part 84
                                                   Segment part 85
                                                   Segment part 86
           LOCAL                   ADDRESS         
           =====                   =======         
           __GmLeft                20000118 
    -------------------------------------------------------------------------
DATA_Z
  Relative segment, address: 20000128 - 20000137 (0x10 bytes), align: 2
  Segment part 6.             Intra module refs:   Segment part 24
                                                   Segment part 35
                                                   Segment part 36
                                                   Segment part 37
                                                   Segment part 38
                                                   Segment part 55
                                                   Segment part 57
                                                   Segment part 58
                                                   Segment part 64
                                                   Segment part 78
                                                   Segment part 82
                                                   Segment part 83
                                                   Segment part 87
           LOCAL                   ADDRESS         
           =====                   =======         
           __GmRight               20000128 
    -------------------------------------------------------------------------
DATA_Z
  Relative segment, address: 2000209B - 2000209B (0x1 bytes), align: 0
  Segment part 7.             Intra module refs:   Segment part 41
                                                   Segment part 50
                                                   Segment part 53
                                                   Segment part 81
           LOCAL                   ADDRESS         
           =====                   =======         
           __GucMouseState         2000209B 
    -------------------------------------------------------------------------
DATA_Z
  Relative segment, address: 20000138 - 20000777 (0x640 bytes), align: 2
  Segment part 8.             Intra module refs:   Segment part 112
                                                   Segment part 31
                                                   __stepMotorIint
           LOCAL                   ADDRESS         
           =====                   =======         
           __GuiAccelTable         20000138 
    -------------------------------------------------------------------------
DATA_I
  Relative segment, address: 20000000 - 20000003 (0x4 bytes), align: 2
  Segment part 9.             Intra module refs:   Segment part 30
                                                   Segment part 54
           LOCAL                   ADDRESS         
           =====                   =======         
           __GiMaxSpeed            20000000 
    -------------------------------------------------------------------------
DATA_Z
  Relative segment, address: 20000778 - 2000077F (0x8 bytes), align: 2
  Segment part 11.            Intra module refs:   Segment part 34
                                                   Segment part 42
                                                   Segment part 43
                                                   Segment part 44
                                                   Segment part 45
                                                   Segment part 59
                                                   Segment part 61
                                                   Segment part 63
                                                   Segment part 70
                                                   Segment part 71
                                                   Segment part 74
                                                   Segment part 75
                                                   Segment part 76
                                                   Segment part 93
                                                   Segment part 94
                                                   Segment part 95
                                                   Segment part 96
                                                   Segment part 97
           LOCAL                   ADDRESS         
           =====                   =======         
           __GucDistance           20000778 
    -------------------------------------------------------------------------
CODE
  Relative segment, address: 00000854 - 0000085D (0xa bytes), align: 2
  Segment part 22.            Intra module refs:   keyCheck
                                                   mouseTurnback
                                                   mouseTurnleft
                                                   mouseTurnright
           LOCAL                   ADDRESS         
           =====                   =======         
           __delay                 00000855 
    -------------------------------------------------------------------------
CODE
  Relative segment, address: 00000860 - 0000091B (0xbc bytes), align: 2
  Segment part 23.            Intra module refs:   Timer0A_ISR
           LOCAL                   ADDRESS         
           =====                   =======         
           __rightMotorContr       00000861 
               stack 1 = 00000000 ( 00000004 )
    -------------------------------------------------------------------------
CODE
  Relative segment, address: 0000091C - 0000091F (0x4 bytes), align: 2
  Segment part 24.            Intra module refs:   __rightMotorContr
    -------------------------------------------------------------------------
DATA_Z
  Relative segment, address: 2000209C - 2000209C (0x1 bytes), align: 0
  Segment part 12.            Intra module refs:   __rightMotorContr
           LOCAL                   ADDRESS         
           =====                   =======         
           __rightMotorContr::cStep
                                   2000209C 
    -------------------------------------------------------------------------
CODE
  Relative segment, address: 00000920 - 000009DB (0xbc bytes), align: 2
  Segment part 25.            Intra module refs:   Timer1A_ISR
           LOCAL                   ADDRESS         
           =====                   =======         
           __leftMotorContr        00000921 
               stack 1 = 00000000 ( 00000004 )
    -------------------------------------------------------------------------
CODE
  Relative segment, address: 000009DC - 000009DF (0x4 bytes), align: 2
  Segment part 26.            Intra module refs:   __leftMotorContr
    -------------------------------------------------------------------------
CODE
  Relative segment, address: 000009E0 - 000009E3 (0x4 bytes), align: 2
  Segment part 27.            Intra module refs:   __leftMotorContr
                                                   __rightMotorContr
    -------------------------------------------------------------------------
DATA_Z
  Relative segment, address: 2000209D - 2000209D (0x1 bytes), align: 0
  Segment part 13.            Intra module refs:   __leftMotorContr
           LOCAL                   ADDRESS         
           =====                   =======         
           __leftMotorContr::cStep
                                   2000209D 
    -------------------------------------------------------------------------
CODE
  Relative segment, address: 000009E4 - 00000A49 (0x66 bytes), align: 2
  Segment part 28.            Intra module refs:   Timer0A_ISR
           ENTRY                   ADDRESS         REF BY
           =====                   =======         ======
           __speedContrR           000009E5 
               stack 1 = 00000000 ( 00000004 )
    -------------------------------------------------------------------------
CODE
  Relative segment, address: 00000A4C - 00000AA5 (0x5a bytes), align: 2
  Segment part 29.            Intra module refs:   Timer1A_ISR
           ENTRY                   ADDRESS         REF BY
           =====                   =======         ======
           __speedContrL           00000A4D 
               stack 1 = 00000000 ( 00000004 )
    -------------------------------------------------------------------------
CODE
  Relative segment, address: 00000AA8 - 00000AAB (0x4 bytes), align: 2
  Segment part 30.            Intra module refs:   __speedContrL
                                                   __speedContrR
    -------------------------------------------------------------------------
CODE
  Relative segment, address: 00000AAC - 00000AAF (0x4 bytes), align: 2
  Segment part 31.            Intra module refs:   __speedContrL
                                                   __speedContrR
    -------------------------------------------------------------------------
CODE
  Relative segment, address: 00000AB0 - 00000BB3 (0x104 bytes), align: 2
  Segment part 32.
           ENTRY                   ADDRESS         REF BY
           =====                   =======         ======
           Timer0A_ISR             00000AB1        g_pfnVectors (startup)
               stack 1 = 00000000 ( 00000004 )
    -------------------------------------------------------------------------
CODE
  Relative segment, address: 00000BB4 - 00000BB7 (0x4 bytes), align: 2
  Segment part 33.            Intra module refs:   Timer0A_ISR
                                                   __speedContrR
    -------------------------------------------------------------------------
CODE
  Relative segment, address: 00000BB8 - 00000BBB (0x4 bytes), align: 2
  Segment part 34.            Intra module refs:   Timer0A_ISR
    -------------------------------------------------------------------------
CODE
  Relative segment, address: 00000BBC - 00000BBF (0x4 bytes), align: 2
  Segment part 35.            Intra module refs:   Timer0A_ISR
    -------------------------------------------------------------------------
CODE
  Relative segment, address: 00000BC0 - 00000BC3 (0x4 bytes), align: 2
  Segment part 36.            Intra module refs:   Timer0A_ISR
                                                   __speedContrR
    -------------------------------------------------------------------------
CODE
  Relative segment, address: 00000BC4 - 00000BC7 (0x4 bytes), align: 2
  Segment part 37.            Intra module refs:   Timer0A_ISR
                                                   __speedContrR
    -------------------------------------------------------------------------
CODE
  Relative segment, address: 00000BC8 - 00000BCB (0x4 bytes), align: 2
  Segment part 38.            Intra module refs:   Timer0A_ISR
                                                   __speedContrR
    -------------------------------------------------------------------------
DATA_Z
  Relative segment, address: 2000209E - 2000209E (0x1 bytes), align: 0
  Segment part 14.            Intra module refs:   Timer0A_ISR
           LOCAL                   ADDRESS         
           =====                   =======         
           Timer0A_ISR::n          2000209E 
    -------------------------------------------------------------------------
DATA_Z
  Relative segment, address: 2000209F - 2000209F (0x1 bytes), align: 0
  Segment part 15.            Intra module refs:   Timer0A_ISR
           LOCAL                   ADDRESS         
           =====                   =======         
           Timer0A_ISR::m          2000209F 
    -------------------------------------------------------------------------
CODE
  Relative segment, address: 00000BCC - 00000CCF (0x104 bytes), align: 2
  Segment part 39.
           ENTRY                   ADDRESS         REF BY
           =====                   =======         ======
           Timer1A_ISR             00000BCD        g_pfnVectors (startup)
               stack 1 = 00000000 ( 00000004 )
    -------------------------------------------------------------------------
CODE
  Relative segment, address: 00000CD0 - 00000CD3 (0x4 bytes), align: 2
  Segment part 40.            Intra module refs:   Timer1A_ISR
                                                   __speedContrL
    -------------------------------------------------------------------------
CODE
  Relative segment, address: 00000CD4 - 00000CD7 (0x4 bytes), align: 2
  Segment part 41.            Intra module refs:   Timer0A_ISR
                                                   Timer1A_ISR
    -------------------------------------------------------------------------
CODE
  Relative segment, address: 00000CD8 - 00000CDB (0x4 bytes), align: 2
  Segment part 42.            Intra module refs:   Timer1A_ISR
    -------------------------------------------------------------------------
CODE
  Relative segment, address: 00000CDC - 00000CDF (0x4 bytes), align: 2
  Segment part 43.            Intra module refs:   Timer0A_ISR
                                                   Timer1A_ISR
    -------------------------------------------------------------------------
CODE
  Relative segment, address: 00000CE0 - 00000CE3 (0x4 bytes), align: 2
  Segment part 44.            Intra module refs:   Timer0A_ISR
                                                   Timer1A_ISR
    -------------------------------------------------------------------------
CODE
  Relative segment, address: 00000CE4 - 00000CE7 (0x4 bytes), align: 2
  Segment part 45.            Intra module refs:   Timer0A_ISR
                                                   Timer1A_ISR
    -------------------------------------------------------------------------
CODE
  Relative segment, address: 00000CE8 - 00000CEB (0x4 bytes), align: 2
  Segment part 46.            Intra module refs:   Timer1A_ISR
                                                   __speedContrL
    -------------------------------------------------------------------------
CODE
  Relative segment, address: 00000CEC - 00000CEF (0x4 bytes), align: 2
  Segment part 47.            Intra module refs:   Timer1A_ISR
                                                   __speedContrL
    -------------------------------------------------------------------------
CODE
  Relative segment, address: 00000CF0 - 00000CF3 (0x4 bytes), align: 2
  Segment part 48.            Intra module refs:   Timer1A_ISR
                                                   __speedContrL
    -------------------------------------------------------------------------
DATA_Z
  Relative segment, address: 200020A0 - 200020A0 (0x1 bytes), align: 0
  Segment part 16.            Intra module refs:   Timer1A_ISR
           LOCAL                   ADDRESS         
           =====                   =======         
           Timer1A_ISR::n          200020A0 
    -------------------------------------------------------------------------
DATA_Z
  Relative segment, address: 200020A1 - 200020A1 (0x1 bytes), align: 0
  Segment part 17.            Intra module refs:   Timer1A_ISR
           LOCAL                   ADDRESS         
           =====                   =======         
           Timer1A_ISR::m          200020A1 
    -------------------------------------------------------------------------
CODE
  Relative segment, address: 00000CF4 - 00000E67 (0x174 bytes), align: 2
  Segment part 49.
           ENTRY                   ADDRESS         REF BY
           =====                   =======         ======
           mouseGoahead            00000CF5        objectGoToAstar (maze)
               stack 1 = 00000000 ( 00000014 )
    -------------------------------------------------------------------------
CODE
  Relative segment, address: 00000E68 - 00000E6B (0x4 bytes), align: 2
  Segment part 50.            Intra module refs:   mouseGoahead
    -------------------------------------------------------------------------
CODE
  Relative segment, address: 00000E6C - 00000E6F (0x4 bytes), align: 2
  Segment part 51.            Intra module refs:   Timer1A_ISR
                                                   mouseGoahead
    -------------------------------------------------------------------------
CODE
  Relative segment, address: 00000E70 - 00000FDB (0x16c bytes), align: 2
  Segment part 52.
           ENTRY                   ADDRESS         REF BY
           =====                   =======         ======
           mazeSearch              00000E71        main (maze)
               stack 1 = 00000000 ( 00000010 )
    -------------------------------------------------------------------------
CODE
  Relative segment, address: 00000FDC - 00000FDF (0x4 bytes), align: 2
  Segment part 53.            Intra module refs:   mazeSearch
    -------------------------------------------------------------------------
CODE
  Relative segment, address: 00000FE0 - 00000FE3 (0x4 bytes), align: 2
  Segment part 54.            Intra module refs:   mazeSearch
                                                   mouseGoahead
    -------------------------------------------------------------------------
CODE
  Relative segment, address: 00000FE4 - 00000FE7 (0x4 bytes), align: 2
  Segment part 55.            Intra module refs:   mazeSearch
                                                   mouseGoahead
    -------------------------------------------------------------------------
CODE
  Relative segment, address: 00000FE8 - 00000FEB (0x4 bytes), align: 2
  Segment part 56.            Intra module refs:   mazeSearch
                                                   mouseGoahead
    -------------------------------------------------------------------------
CODE
  Relative segment, address: 00000FEC - 00000FEF (0x4 bytes), align: 2
  Segment part 57.            Intra module refs:   mazeSearch
                                                   mouseGoahead
    -------------------------------------------------------------------------
CODE
  Relative segment, address: 00000FF0 - 00000FF3 (0x4 bytes), align: 2
  Segment part 58.            Intra module refs:   mazeSearch
                                                   mouseGoahead
    -------------------------------------------------------------------------
CODE
  Relative segment, address: 00000FF4 - 00000FF7 (0x4 bytes), align: 2
  Segment part 59.            Intra module refs:   mazeSearch
                                                   mouseGoahead
    -------------------------------------------------------------------------
CODE
  Relative segment, address: 00000FF8 - 00000FFB (0x4 bytes), align: 2
  Segment part 60.            Intra module refs:   mazeSearch
                                                   mouseGoahead
    -------------------------------------------------------------------------
CODE
  Relative segment, address: 00000FFC - 00000FFF (0x4 bytes), align: 2
  Segment part 61.            Intra module refs:   mazeSearch
                                                   mouseGoahead
    -------------------------------------------------------------------------
CODE
  Relative segment, address: 00001000 - 00001003 (0x4 bytes), align: 2
  Segment part 62.            Intra module refs:   mazeSearch
                                                   mouseGoahead
    -------------------------------------------------------------------------
CODE
  Relative segment, address: 00001004 - 00001007 (0x4 bytes), align: 2
  Segment part 63.            Intra module refs:   mazeSearch
                                                   mouseGoahead
    -------------------------------------------------------------------------
CODE
  Relative segment, address: 00001008 - 0000100B (0x4 bytes), align: 2
  Segment part 64.            Intra module refs:   mazeSearch
                                                   mouseGoahead
    -------------------------------------------------------------------------
CODE
  Relative segment, address: 0000100C - 00001077 (0x6c bytes), align: 2
  Segment part 65.
           ENTRY                   ADDRESS         REF BY
           =====                   =======         ======
           SysTick_ISR             0000100D        g_pfnVectors (startup)
               stack 1 = 00000000 ( 00000004 )
    -------------------------------------------------------------------------
CODE
  Relative segment, address: 00001078 - 0000107B (0x4 bytes), align: 2
  Segment part 66.            Intra module refs:   SysTick_ISR
                                                   mazeSearch
    -------------------------------------------------------------------------
CODE
  Relative segment, address: 0000107C - 0000107F (0x4 bytes), align: 2
  Segment part 67.            Intra module refs:   SysTick_ISR
    -------------------------------------------------------------------------
DATA_Z
  Relative segment, address: 20000780 - 20000783 (0x4 bytes), align: 2
  Segment part 18.            Intra module refs:   SysTick_ISR
           LOCAL                   ADDRESS         
           =====                   =======         
           SysTick_ISR::iL         20000780 
    -------------------------------------------------------------------------
DATA_Z
  Relative segment, address: 20000784 - 20000787 (0x4 bytes), align: 2
  Segment part 19.            Intra module refs:   SysTick_ISR
           LOCAL                   ADDRESS         
           =====                   =======         
           SysTick_ISR::iR         20000784 
    -------------------------------------------------------------------------
CODE
  Relative segment, address: 00001080 - 000010D7 (0x58 bytes), align: 2
  Segment part 68.            Intra module refs:   __irCheck
           LOCAL                   ADDRESS         
           =====                   =======         
           __irSendFreq            00001081 
               stack 1 = 00000000 ( 0000000C )
    -------------------------------------------------------------------------
CODE
  Relative segment, address: 000010D8 - 00001267 (0x190 bytes), align: 2
  Segment part 69.            Intra module refs:   SysTick_ISR
           LOCAL                   ADDRESS         
           =====                   =======         
           __irCheck               000010D9 
               stack 1 = 00000000 ( 00000004 )
    -------------------------------------------------------------------------
CODE
  Relative segment, address: 00001268 - 0000126B (0x4 bytes), align: 2
  Segment part 70.            Intra module refs:   __irCheck
    -------------------------------------------------------------------------
CODE
  Relative segment, address: 0000126C - 0000126F (0x4 bytes), align: 2
  Segment part 71.            Intra module refs:   __irCheck
    -------------------------------------------------------------------------
CODE
  Relative segment, address: 00001270 - 00001273 (0x4 bytes), align: 2
  Segment part 72.            Intra module refs:   __irCheck
    -------------------------------------------------------------------------
CODE
  Relative segment, address: 00001274 - 00001277 (0x4 bytes), align: 2
  Segment part 73.            Intra module refs:   __irCheck
                                                   __irSendFreq
    -------------------------------------------------------------------------
CODE
  Relative segment, address: 00001278 - 0000127B (0x4 bytes), align: 2
  Segment part 74.            Intra module refs:   __irCheck
    -------------------------------------------------------------------------
CODE
  Relative segment, address: 0000127C - 0000127F (0x4 bytes), align: 2
  Segment part 75.            Intra module refs:   __irCheck
    -------------------------------------------------------------------------
CODE
  Relative segment, address: 00001280 - 00001283 (0x4 bytes), align: 2
  Segment part 76.            Intra module refs:   __irCheck
    -------------------------------------------------------------------------
DATA_Z
  Relative segment, address: 200020A2 - 200020A2 (0x1 bytes), align: 0
  Segment part 20.            Intra module refs:   __irCheck
           LOCAL                   ADDRESS         
           =====                   =======         
           __irCheck::ucState      200020A2 
    -------------------------------------------------------------------------
DATA_Z
  Relative segment, address: 200020A3 - 200020A3 (0x1 bytes), align: 0
  Segment part 21.            Intra module refs:   __irCheck
           LOCAL                   ADDRESS         
           =====                   =======         
           __irCheck::ucIRCheck    200020A3 
    -------------------------------------------------------------------------
CODE
  Relative segment, address: 00001284 - 000012EB (0x68 bytes), align: 2
  Segment part 77.
           ENTRY                   ADDRESS         REF BY
           =====                   =======         ======
           mouseTurnright          00001285        frontLeftMethod (maze)
                                                   frontRightMethod (maze)
                                                   leftMethod (maze)
                                                   objectGoToAstar (maze)
                                                   rightMethod (maze)
               stack 1 = 00000000 ( 00000004 )
    -------------------------------------------------------------------------
CODE
  Relative segment, address: 000012EC - 000012EF (0x4 bytes), align: 2
  Segment part 78.            Intra module refs:   SysTick_ISR
                                                   mouseTurnright
    -------------------------------------------------------------------------
CODE
  Relative segment, address: 000012F0 - 00001357 (0x68 bytes), align: 2
  Segment part 79.
           ENTRY                   ADDRESS         REF BY
           =====                   =======         ======
           mouseTurnleft           000012F1        frontLeftMethod (maze)
                                                   frontRightMethod (maze)
                                                   leftMethod (maze)
                                                   objectGoToAstar (maze)
                                                   rightMethod (maze)
               stack 1 = 00000000 ( 00000004 )
    -------------------------------------------------------------------------
CODE
  Relative segment, address: 00001358 - 000013BF (0x68 bytes), align: 2
  Segment part 80.
           ENTRY                   ADDRESS         REF BY
           =====                   =======         ======
           mouseTurnback           00001359        main (maze)
                                                   objectGoToAstar (maze)
               stack 1 = 00000000 ( 00000004 )
    -------------------------------------------------------------------------
CODE
  Relative segment, address: 000013C0 - 000013C3 (0x4 bytes), align: 2
  Segment part 81.            Intra module refs:   mouseTurnback
                                                   mouseTurnleft
                                                   mouseTurnright
    -------------------------------------------------------------------------
CODE
  Relative segment, address: 000013C4 - 000013C7 (0x4 bytes), align: 2
  Segment part 82.            Intra module refs:   mouseTurnback
                                                   mouseTurnleft
                                                   mouseTurnright
    -------------------------------------------------------------------------
CODE
  Relative segment, address: 000013C8 - 000013CB (0x4 bytes), align: 2
  Segment part 83.            Intra module refs:   mouseTurnback
                                                   mouseTurnleft
                                                   mouseTurnright
    -------------------------------------------------------------------------
CODE
  Relative segment, address: 000013CC - 000013CF (0x4 bytes), align: 2
  Segment part 84.            Intra module refs:   mouseTurnback
                                                   mouseTurnleft
                                                   mouseTurnright
    -------------------------------------------------------------------------
CODE
  Relative segment, address: 000013D0 - 000013D3 (0x4 bytes), align: 2
  Segment part 85.            Intra module refs:   mouseTurnback
                                                   mouseTurnleft
                                                   mouseTurnright
    -------------------------------------------------------------------------
CODE
  Relative segment, address: 000013D4 - 000013D7 (0x4 bytes), align: 2
  Segment part 86.            Intra module refs:   mouseTurnback
                                                   mouseTurnleft
                                                   mouseTurnright
    -------------------------------------------------------------------------
CODE
  Relative segment, address: 000013D8 - 000013DB (0x4 bytes), align: 2
  Segment part 87.            Intra module refs:   mouseTurnback
                                                   mouseTurnleft
    -------------------------------------------------------------------------
CODE
  Relative segment, address: 000013DC - 000013DF (0x4 bytes), align: 2
  Segment part 88.            Intra module refs:   mouseTurnback
                                                   mouseTurnleft
                                                   mouseTurnright
    -------------------------------------------------------------------------
CODE
  Relative segment, address: 000013E0 - 0000142F (0x50 bytes), align: 2
  Segment part 89.            Intra module refs:   mazeSearch
                                                   mouseGoahead
           LOCAL                   ADDRESS         
           =====                   =======         
           __mouseCoorUpdate       000013E1 
               stack 1 = 00000000 ( 00000004 )
    -------------------------------------------------------------------------
CODE
  Relative segment, address: 00001430 - 00001539 (0x10a bytes), align: 2
  Segment part 90.            Intra module refs:   __mouseCoorUpdate
           LOCAL                   ADDRESS         
           =====                   =======         
           __wallCheck             00001431 
               stack 1 = 00000000 ( 00000008 )
    -------------------------------------------------------------------------
CODE
  Relative segment, address: 0000153C - 0000153F (0x4 bytes), align: 2
  Segment part 91.            Intra module refs:   __mouseCoorUpdate
                                                   __wallCheck
                                                   mouseTurnback
                                                   mouseTurnleft
                                                   mouseTurnright
    -------------------------------------------------------------------------
CODE
  Relative segment, address: 00001540 - 00001589 (0x4a bytes), align: 2
  Segment part 92.
           ENTRY                   ADDRESS         REF BY
           =====                   =======         ======
           sensorDebug             00001541        main (maze)
               stack 1 = 00000000 ( 00000004 )
    -------------------------------------------------------------------------
CODE
  Relative segment, address: 0000158C - 0000158F (0x4 bytes), align: 2
  Segment part 93.            Intra module refs:   __wallCheck
                                                   sensorDebug
    -------------------------------------------------------------------------
CODE
  Relative segment, address: 00001590 - 00001593 (0x4 bytes), align: 2
  Segment part 94.            Intra module refs:   sensorDebug
    -------------------------------------------------------------------------
CODE
  Relative segment, address: 00001594 - 00001597 (0x4 bytes), align: 2
  Segment part 95.            Intra module refs:   __wallCheck
                                                   sensorDebug
    -------------------------------------------------------------------------
CODE
  Relative segment, address: 00001598 - 0000159B (0x4 bytes), align: 2
  Segment part 96.            Intra module refs:   sensorDebug
    -------------------------------------------------------------------------
CODE
  Relative segment, address: 0000159C - 0000159F (0x4 bytes), align: 2
  Segment part 97.            Intra module refs:   __wallCheck
                                                   sensorDebug
    -------------------------------------------------------------------------
CODE
  Relative segment, address: 000015A0 - 00001661 (0xc2 bytes), align: 2
  Segment part 98.            Intra module refs:   __mouseCoorUpdate
                                                   mouseTurnback
                                                   mouseTurnleft
                                                   mouseTurnright
           LOCAL                   ADDRESS         
           =====                   =======         
           __mazeInfDebug          000015A1 
               stack 1 = 00000000 ( 00000004 )
    -------------------------------------------------------------------------
CODE
  Relative segment, address: 00001664 - 00001667 (0x4 bytes), align: 2
  Segment part 99.            Intra module refs:   __mazeInfDebug
    -------------------------------------------------------------------------
CODE
  Relative segment, address: 00001668 - 0000166B (0x4 bytes), align: 2
  Segment part 100.           Intra module refs:   __mazeInfDebug
                                                   __mouseCoorUpdate
                                                   __wallCheck
    -------------------------------------------------------------------------
CODE
  Relative segment, address: 0000166C - 0000166F (0x4 bytes), align: 2
  Segment part 101.           Intra module refs:   __mazeInfDebug
                                                   __mouseCoorUpdate
                                                   __wallCheck
    -------------------------------------------------------------------------
CODE
  Relative segment, address: 00001670 - 00001697 (0x28 bytes), align: 2
  Segment part 102.
           ENTRY                   ADDRESS         REF BY
           =====                   =======         ======
           keyCheck                00001671        main (maze)
               stack 1 = 00000000 ( 00000004 )
    -------------------------------------------------------------------------
CODE
  Relative segment, address: 00001698 - 0000172B (0x94 bytes), align: 2
  Segment part 103.
           ENTRY                   ADDRESS         REF BY
           =====                   =======         ======
           voltageDetect           00001699        main (maze)
               stack 1 = 00000000 ( 00000008 )
    -------------------------------------------------------------------------
CODE
  Relative segment, address: 0000172C - 0000178B (0x60 bytes), align: 2
  Segment part 104.
           ENTRY                   ADDRESS         REF BY
           =====                   =======         ======
           mouseInit               0000172D        main (maze)
               stack 1 = 00000000 ( 00000004 )
    -------------------------------------------------------------------------
CODE
  Relative segment, address: 0000178C - 0000178F (0x4 bytes), align: 2
  Segment part 105.           Intra module refs:   __wallCheck
                                                   mouseInit
    -------------------------------------------------------------------------
CODE
  Relative segment, address: 00001790 - 000017F7 (0x68 bytes), align: 2
  Segment part 106.           Intra module refs:   mouseInit
           LOCAL                   ADDRESS         
           =====                   =======         
           __sensorInit            00001791 
               stack 1 = 00000000 ( 00000004 )
    -------------------------------------------------------------------------
CODE
  Relative segment, address: 000017F8 - 000017FB (0x4 bytes), align: 2
  Segment part 107.           Intra module refs:   __sensorInit
    -------------------------------------------------------------------------
CODE
  Relative segment, address: 000017FC - 000017FF (0x4 bytes), align: 2
  Segment part 108.           Intra module refs:   __sensorInit
    -------------------------------------------------------------------------
CODE
  Relative segment, address: 00001800 - 000018E3 (0xe4 bytes), align: 2
  Segment part 109.           Intra module refs:   mouseInit
           LOCAL                   ADDRESS         
           =====                   =======         
           __stepMotorIint         00001801 
               stack 1 = 00000000 ( 0000000C )
    -------------------------------------------------------------------------
CODE
  Relative segment, address: 000018E4 - 000018E7 (0x4 bytes), align: 2
  Segment part 110.           Intra module refs:   __stepMotorIint
    -------------------------------------------------------------------------
CODE
  Relative segment, address: 000018E8 - 000018EB (0x4 bytes), align: 2
  Segment part 111.           Intra module refs:   __stepMotorIint
    -------------------------------------------------------------------------
CODE
  Relative segment, address: 000018EC - 000018EF (0x4 bytes), align: 2
  Segment part 112.           Intra module refs:   __stepMotorIint
    -------------------------------------------------------------------------
CODE
  Relative segment, address: 000018F0 - 000018F3 (0x4 bytes), align: 2
  Segment part 113.           Intra module refs:   __stepMotorIint
    -------------------------------------------------------------------------
CODE
  Relative segment, address: 000018F4 - 00001901 (0xe bytes), align: 2
  Segment part 114.           Intra module refs:   mouseInit
           LOCAL                   ADDRESS         
           =====                   =======         
           __keyInit               000018F5 
               stack 1 = 00000000 ( 00000004 )
    -------------------------------------------------------------------------
CODE
  Relative segment, address: 00001904 - 00001907 (0x4 bytes), align: 2
  Segment part 115.           Intra module refs:   __keyInit
                                                   keyCheck
    -------------------------------------------------------------------------
CODE
  Relative segment, address: 00001908 - 00001923 (0x1c bytes), align: 2
  Segment part 116.           Intra module refs:   mouseInit
           LOCAL                   ADDRESS         
           =====                   =======         
           __sysTickInit           00001909 
               stack 1 = 00000000 ( 00000004 )
    -------------------------------------------------------------------------
CODE
  Relative segment, address: 00001924 - 0000195F (0x3c bytes), align: 2
  Segment part 117.           Intra module refs:   mouseInit
           LOCAL                   ADDRESS         
           =====                   =======         
           __ADCInit               00001925 
               stack 1 = 00000000 ( 00000004 )
    -------------------------------------------------------------------------
CODE
  Relative segment, address: 00001960 - 00001963 (0x4 bytes), align: 2
  Segment part 118.           Intra module refs:   __ADCInit
                                                   voltageDetect
    -------------------------------------------------------------------------
DATA_ID
  Relative segment, address: 00002F9C - 00002F9F (0x4 bytes), align: 2
  Segment part 10.            Intra module refs:   __GiMaxSpeed
    -------------------------------------------------------------------------
INITTAB
  Relative segment, address: 00002F84 - 00002F8F (0xc bytes), align: 2
  Segment part 159. ROOT.
           ENTRY                   ADDRESS         REF BY
           =====                   =======         ======
           ?init?tab?DATA_I        00002F84 
    -------------------------------------------------------------------------
INITTAB
  Relative segment, address: 00002F90 - 00002F9B (0xc bytes), align: 2
  Segment part 160. ROOT.
           ENTRY                   ADDRESS         REF BY
           =====                   =======         ======
           ?init?tab?DATA_Z        00002F90 

    *************************************************************************

  FILE NAME : E:\hallo\table\经典鼠程序\出厂程序Maze\Debug\Obj\astar_core.r79
  PROGRAM MODULE, NAME : astar_core

  SEGMENTS IN THE MODULE
  ======================
DATA_C
  Relative segment, address: 00003000 - 00003007 (0x8 bytes), align: 2
  Segment part 2.             Intra module refs:   astarFindPath
           LOCAL                   ADDRESS         
           =====                   =======         
           Gneighbors              00003000 
    -------------------------------------------------------------------------
DATA_C
  Relative segment, address: 00003008 - 0000300B (0x4 bytes), align: 2
  Segment part 3.             Intra module refs:   astarFindPath
           LOCAL                   ADDRESS         
           =====                   =======         
           Gdirs                   00003008 
    -------------------------------------------------------------------------
DATA_I
  Relative segment, address: 20000004 - 2000000B (0x8 bytes), align: 2
  Segment part 4.             Intra module refs:   Segment part 29
                                                   Segment part 30
                                                   Segment part 32
                                                   Segment part 33
                                                   Segment part 34
                                                   Segment part 38
           LOCAL                   ADDRESS         
           =====                   =======         
           GastarParams            20000004 
    -------------------------------------------------------------------------
DATA_Z
  Relative segment, address: 20000788 - 20001B87 (0x1400 bytes), align: 2
  Segment part 6.             Intra module refs:   Segment part 22
                                                   Segment part 36
                                                   astarFindPath
           LOCAL                   ADDRESS         
           =====                   =======         
           GnodeList               20000788 
    -------------------------------------------------------------------------
DATA_I
  Relative segment, address: 2000000C - 2000000F (0x4 bytes), align: 2
  Segment part 7.             Intra module refs:   Segment part 13
                                                   astarFindPath
           LOCAL                   ADDRESS         
           =====                   =======         
           GuiCurrentTimestamp     2000000C 
    -------------------------------------------------------------------------
DATA_Z
  Relative segment, address: 20001B88 - 20001C87 (0x100 bytes), align: 2
  Segment part 9.             Intra module refs:   Segment part 25
           LOCAL                   ADDRESS         
           =====                   =======         
           GheapX                  20001B88 
    -------------------------------------------------------------------------
DATA_Z
  Relative segment, address: 20001C88 - 20001D87 (0x100 bytes), align: 2
  Segment part 10.            Intra module refs:   Segment part 27
           LOCAL                   ADDRESS         
           =====                   =======         
           GheapY                  20001C88 
    -------------------------------------------------------------------------
DATA_Z
  Relative segment, address: 200020A4 - 200020A4 (0x1 bytes), align: 0
  Segment part 11.            Intra module refs:   Segment part 26
                                                   astarFindPath
           LOCAL                   ADDRESS         
           =====                   =======         
           GucHeapSize             200020A4 
    -------------------------------------------------------------------------
CODE
  Relative segment, address: 00001964 - 0000196B (0x8 bytes), align: 2
  Segment part 12.
           ENTRY                   ADDRESS         REF BY
           =====                   =======         ======
           astarInit               00001965        mouseInit (Mouse_Drive)
    -------------------------------------------------------------------------
CODE
  Relative segment, address: 0000196C - 0000196F (0x4 bytes), align: 2
  Segment part 13.            Intra module refs:   astarInit
    -------------------------------------------------------------------------
CODE
  Relative segment, address: 00001970 - 000019AD (0x3e bytes), align: 2
  Segment part 19.            Intra module refs:   heapDown
                                                   heapUp
           LOCAL                   ADDRESS         
           =====                   =======         
           heapSwap                00001971 
               stack 1 = 00000000 ( 00000008 )
    -------------------------------------------------------------------------
CODE
  Relative segment, address: 000019B0 - 00001A1F (0x70 bytes), align: 2
  Segment part 20.            Intra module refs:   heapPush
           LOCAL                   ADDRESS         
           =====                   =======         
           heapUp                  000019B1 
               stack 1 = 00000000 ( 00000014 )
    -------------------------------------------------------------------------
CODE
  Relative segment, address: 00001A20 - 00001B0F (0xf0 bytes), align: 2
  Segment part 21.            Intra module refs:   heapPop
           LOCAL                   ADDRESS         
           =====                   =======         
           heapDown                00001A21 
               stack 1 = 00000000 ( 00000018 )
    -------------------------------------------------------------------------
CODE
  Relative segment, address: 00001B10 - 00001B13 (0x4 bytes), align: 2
  Segment part 22.            Intra module refs:   heapDown
                                                   heapUp
    -------------------------------------------------------------------------
CODE
  Relative segment, address: 00001B14 - 00001B39 (0x26 bytes), align: 2
  Segment part 23.            Intra module refs:   astarFindPath
           LOCAL                   ADDRESS         
           =====                   =======         
           heapPush                00001B15 
               stack 1 = 00000000 ( 00000004 )
    -------------------------------------------------------------------------
CODE
  Relative segment, address: 00001B3C - 00001B89 (0x4e bytes), align: 2
  Segment part 24.            Intra module refs:   astarFindPath
           LOCAL                   ADDRESS         
           =====                   =======         
           heapPop                 00001B3D 
               stack 1 = 00000000 ( 00000004 )
    -------------------------------------------------------------------------
CODE
  Relative segment, address: 00001B8C - 00001B8F (0x4 bytes), align: 2
  Segment part 25.            Intra module refs:   heapDown
                                                   heapPop
                                                   heapPush
                                                   heapSwap
                                                   heapUp
    -------------------------------------------------------------------------
CODE
  Relative segment, address: 00001B90 - 00001B93 (0x4 bytes), align: 2
  Segment part 26.            Intra module refs:   heapDown
                                                   heapPop
                                                   heapPush
    -------------------------------------------------------------------------
CODE
  Relative segment, address: 00001B94 - 00001B97 (0x4 bytes), align: 2
  Segment part 27.            Intra module refs:   heapDown
                                                   heapPop
                                                   heapPush
                                                   heapSwap
                                                   heapUp
    -------------------------------------------------------------------------
CODE
  Relative segment, address: 00001B98 - 00001BDD (0x46 bytes), align: 2
[...]
                                                   objectGoToAstar
                                                   rightMethod
    -------------------------------------------------------------------------
CODE
  Relative segment, address: 000026B4 - 00002749 (0x96 bytes), align: 2
  Segment part 29.            Intra module refs:   centralMethod
           LOCAL                   ADDRESS         
           =====                   =======         
           frontRightMethod        000026B5 
               stack 1 = 00000000 ( 00000004 )
    -------------------------------------------------------------------------
CODE
  Relative segment, address: 0000274C - 000027E1 (0x96 bytes), align: 2
  Segment part 30.            Intra module refs:   centralMethod
           LOCAL                   ADDRESS         
           =====                   =======         
           frontLeftMethod         0000274D 
               stack 1 = 00000000 ( 00000004 )
    -------------------------------------------------------------------------
CODE
  Relative segment, address: 000027E4 - 000027E7 (0x4 bytes), align: 2
  Segment part 31.            Intra module refs:   frontLeftMethod
                                                   frontRightMethod
                                                   leftMethod
                                                   mazeBlockDataGet
                                                   rightMethod
    -------------------------------------------------------------------------
CODE
  Relative segment, address: 000027E8 - 000028B9 (0xd2 bytes), align: 2
  Segment part 32.            Intra module refs:   crosswayChoice
           LOCAL                   ADDRESS         
           =====                   =======         
           centralMethod           000027E9 
               stack 1 = 00000000 ( 00000004 )
    -------------------------------------------------------------------------
CODE
  Relative segment, address: 000028BC - 000028BF (0x4 bytes), align: 2
  Segment part 33.            Intra module refs:   centralMethod
                                                   frontLeftMethod
                                                   frontRightMethod
    -------------------------------------------------------------------------
CODE
  Relative segment, address: 000028C0 - 000028C3 (0x4 bytes), align: 2
  Segment part 34.            Intra module refs:   centralMethod
                                                   frontLeftMethod
                                                   frontRightMethod
    -------------------------------------------------------------------------
CODE
  Relative segment, address: 000028C4 - 000028C7 (0x4 bytes), align: 2
  Segment part 35.            Intra module refs:   centralMethod
                                                   frontLeftMethod
                                                   frontRightMethod
                                                   leftMethod
    -------------------------------------------------------------------------
CODE
  Relative segment, address: 000028C8 - 00002991 (0xca bytes), align: 2
  Segment part 36.            Intra module refs:   main
           ENTRY                   ADDRESS         REF BY
           =====                   =======         ======
           crosswayCheck           000028C9 
               stack 1 = 00000000 ( 00000004 )
    -------------------------------------------------------------------------
CODE
  Relative segment, address: 00002994 - 0000299B (0x8 bytes), align: 2
  Segment part 37.            Intra module refs:   main
           ENTRY                   ADDRESS         REF BY
           =====                   =======         ======
           crosswayChoice          00002995 
               stack 1 = 00000000 ( 00000004 )
    -------------------------------------------------------------------------
CODE
  Relative segment, address: 0000299C - 00002C17 (0x27c bytes), align: 2
  Segment part 38.
           ENTRY                   ADDRESS         REF BY
           =====                   =======         ======
           main                    0000299D        ResetISR (startup)
               stack 1 = 00000000 ( 00000010 )
    -------------------------------------------------------------------------
CODE
  Relative segment, address: 00002C18 - 00002C1B (0x4 bytes), align: 2
  Segment part 39.            Intra module refs:   crosswayCheck
                                                   main
    -------------------------------------------------------------------------
CODE
  Relative segment, address: 00002C1C - 00002C1F (0x4 bytes), align: 2
  Segment part 40.            Intra module refs:   main
    -------------------------------------------------------------------------
CODE
  Relative segment, address: 00002C20 - 00002C23 (0x4 bytes), align: 2
  Segment part 41.            Intra module refs:   main
    -------------------------------------------------------------------------
CODE
  Relative segment, address: 00002C24 - 00002C27 (0x4 bytes), align: 2
  Segment part 42.            Intra module refs:   main
    -------------------------------------------------------------------------
CODE
  Relative segment, address: 00002C28 - 00002C2B (0x4 bytes), align: 2
  Segment part 43.            Intra module refs:   main
    -------------------------------------------------------------------------
CODE
  Relative segment, address: 00002C2C - 00002C2F (0x4 bytes), align: 2
  Segment part 44.            Intra module refs:   main
    -------------------------------------------------------------------------
CODE
  Relative segment, address: 00002C30 - 00002C33 (0x4 bytes), align: 2
  Segment part 45.            Intra module refs:   main
    -------------------------------------------------------------------------
CODE
  Relative segment, address: 00002C34 - 00002C37 (0x4 bytes), align: 2
  Segment part 46.            Intra module refs:   main
    -------------------------------------------------------------------------
CODE
  Relative segment, address: 00002C38 - 00002C3B (0x4 bytes), align: 2
  Segment part 47.            Intra module refs:   main
    -------------------------------------------------------------------------
DATA_ID
  Relative segment, address: 00002FAC - 00002FAC (0x1 bytes), align: 0
  Segment part 5.             Intra module refs:   GucXGoal0
    -------------------------------------------------------------------------
DATA_ID
  Relative segment, address: 00002FAD - 00002FAD (0x1 bytes), align: 0
  Segment part 7.             Intra module refs:   GucXGoal1
    -------------------------------------------------------------------------
DATA_ID
  Relative segment, address: 00002FAE - 00002FAE (0x1 bytes), align: 0
  Segment part 9.             Intra module refs:   GucYGoal0
    -------------------------------------------------------------------------
DATA_ID
  Relative segment, address: 00002FAF - 00002FAF (0x1 bytes), align: 0
  Segment part 11.            Intra module refs:   GucYGoal1

    *************************************************************************

  FILE NAME : E:\hallo\table\经典鼠程序\出厂程序Maze\Debug\Obj\motion_params.r79
  PROGRAM MODULE, NAME : motion_params

  SEGMENTS IN THE MODULE
  ======================
DATA_Z
  Relative segment, address: 20001F88 - 20001F97 (0x10 bytes), align: 2
  Segment part 2.             Intra module refs:   Segment part 11
                                                   Segment part 13
                                                   Segment part 6
                                                   Segment part 9
           LOCAL                   ADDRESS         
           =====                   =======         
           GmotionParams           20001F88 
    -------------------------------------------------------------------------
CODE
  Relative segment, address: 00002C3C - 00002C55 (0x1a bytes), align: 2
  Segment part 3.
           ENTRY                   ADDRESS         REF BY
           =====                   =======         ======
           motionParamsInit        00002C3D        mouseInit (Mouse_Drive)
    -------------------------------------------------------------------------
CODE
  Relative segment, address: 00002C58 - 00002C5B (0x4 bytes), align: 2
  Segment part 6.             Intra module refs:   motionParamsInit
    -------------------------------------------------------------------------
CODE
  Relative segment, address: 00002C5C - 00002C5F (0x4 bytes), align: 2
  Segment part 9.             Intra module refs:   motionParamsInit
    -------------------------------------------------------------------------
CODE
  Relative segment, address: 00002C60 - 00002C65 (0x6 bytes), align: 2
  Segment part 10.
           ENTRY                   ADDRESS         REF BY
           =====                   =======         ======
           motionGetCurrentMaxSpeed
                                   00002C61        mouseSpurtAstar (maze)
    -------------------------------------------------------------------------
CODE
  Relative segment, address: 00002C68 - 00002C6B (0x4 bytes), align: 2
  Segment part 11.            Intra module refs:   motionGetCurrentMaxSpeed
                                                   motionParamsInit
    -------------------------------------------------------------------------
CODE
  Relative segment, address: 00002C6C - 00002C71 (0x6 bytes), align: 2
  Segment part 12.
           ENTRY                   ADDRESS         REF BY
           =====                   =======         ======
           motionGetCurrentSearchSpeed
                                   00002C6D        objectGoToAstar (maze)
    -------------------------------------------------------------------------
CODE
  Relative segment, address: 00002C74 - 00002C77 (0x4 bytes), align: 2
  Segment part 13.            Intra module refs:   motionGetCurrentSearchSpeed
                                                   motionParamsInit

    *************************************************************************

  FILE NAME : E:\hallo\table\经典鼠程序\出厂程序Maze\Debug\Obj\path_cache.r79
    *************************************************************************

  FILE NAME : E:\hallo\table\经典鼠程序\出厂程序Maze\Debug\Obj\path_optimizer.r79
  PROGRAM MODULE, NAME : path_optimizer

  SEGMENTS IN THE MODULE
  ======================
DATA_I
  Relative segment, address: 20000014 - 20000014 (0x1 bytes), align: 0
  Segment part 2.             Intra module refs:   Segment part 10
           LOCAL                   ADDRESS         
           =====                   =======         
           GcurrentMode            20000014 
    -------------------------------------------------------------------------
CODE
  Relative segment, address: 00002C78 - 00002C7F (0x8 bytes), align: 2
  Segment part 4.
           ENTRY                   ADDRESS         REF BY
           =====                   =======         ======
           pathOptimizerInit       00002C79        mouseInit (Mouse_Drive)
    -------------------------------------------------------------------------
CODE
  Relative segment, address: 00002C80 - 00002D63 (0xe4 bytes), align: 2
  Segment part 6.
           ENTRY                   ADDRESS         REF BY
           =====                   =======         ======
           pathSmooth              00002C81        objectGoToAstar (maze)
               stack 1 = 00000000 ( 0000030C )
    -------------------------------------------------------------------------
CODE
  Relative segment, address: 00002D64 - 00002D67 (0x4 bytes), align: 2
  Segment part 10.            Intra module refs:   pathOptimizerInit
    -------------------------------------------------------------------------
DATA_ID
  Relative segment, address: 00002FB0 - 00002FB0 (0x1 bytes), align: 0
  Segment part 3.             Intra module refs:   GcurrentMode

    *************************************************************************

  FILE NAME : E:\hallo\table\经典鼠程序\出厂程序Maze\Debug\Obj\startup.r79
  PROGRAM MODULE, NAME : startup

  SEGMENTS IN THE MODULE
  ======================
DATA_Z
  Relative segment, address: 20001F98 - 20002097 (0x100 bytes), align: 2
  Segment part 2.             Intra module refs:   g_pfnVectors
           LOCAL                   ADDRESS         
           =====                   =======         
           pulStack                20001F98 
    -------------------------------------------------------------------------
INTVEC
  Relative segment, address: 00000000 - 000000EF (0xf0 bytes), align: 2
  Segment part 3. ROOT.
           ENTRY                   ADDRESS         REF BY
           =====                   =======         ======
           g_pfnVectors            00000000 
    -------------------------------------------------------------------------
CODE
  Relative segment, address: 00002D68 - 00002DA7 (0x40 bytes), align: 2
  Segment part 4.             Intra module refs:   g_pfnVectors
           ENTRY                   ADDRESS         REF BY
           =====                   =======         ======
           ResetISR                00002D69        Absolute parts (?ABS_ENTRY_MOD)
               stack 1 = 00000000 ( 00000004 )
    -------------------------------------------------------------------------
CODE
  Relative segment, address: 00002DA8 - 00002DA9 (0x2 bytes), align: 2
  Segment part 5.             Intra module refs:   g_pfnVectors
           LOCAL                   ADDRESS         
           =====                   =======         
           NmiSR                   00002DA9 
    -------------------------------------------------------------------------
CODE
  Relative segment, address: 00002DAC - 00002DAD (0x2 bytes), align: 2
  Segment part 6.             Intra module refs:   g_pfnVectors
           LOCAL                   ADDRESS         
           =====                   =======         
           FaultISR                00002DAD 
    -------------------------------------------------------------------------
CODE
  Relative segment, address: 00002DB0 - 00002DB1 (0x2 bytes), align: 2
  Segment part 7.             Intra module refs:   g_pfnVectors
           LOCAL                   ADDRESS         
           =====                   =======         
           IntDefaultHandler       00002DB1 

    *************************************************************************

  FILE NAME : C:\Program Files (x86)\IAR Systems\Embedded Workbench 4.0 Kickstart\arm\LIB\dl7mptnnl8n.r79
  LIBRARY MODULE, NAME : ?F_MulFloat

  SEGMENTS IN THE MODULE
  ======================
CODE
  Relative segment, address: 00002DB4 - 00002F1B (0x168 bytes), align: 2
  Segment part 0.
           ENTRY                   ADDRESS         REF BY
           =====                   =======         ======
           __fMul                  00002DB5        getImprovedHeuristic (astar_core)
           __aeabi_fmul            00002DB5 

    -------------------------------------------------------------------------
  LIBRARY MODULE, NAME : ?div_module

  SEGMENTS IN THE MODULE
  ======================
CODE
  Relative segment, address: 00002F1C - 00002F27 (0xc bytes), align: 2
  Segment part 2.
           ENTRY                   ADDRESS         REF BY
           =====                   =======         ======
           ??divu32_t              00002F1D        voltageDetect (Mouse_Drive)
    -------------------------------------------------------------------------
CODE
  Relative segment, address: 00002F28 - 00002F33 (0xc bytes), align: 2
  Segment part 5.
           ENTRY                   ADDRESS         REF BY
           =====                   =======         ======
           ??div32_t               00002F29        Timer0A_ISR (Mouse_Drive)
                                                   Timer1A_ISR (Mouse_Drive)
                                                   __irCheck (Mouse_Drive)
                                                   __leftMotorContr (Mouse_Drive)
                                                   __mazeInfDebug (Mouse_Drive)
                                                   __rightMotorContr (Mouse_Drive)
                                                   __wallCheck (Mouse_Drive)
                                                   frontLeftMethod (maze)
                                                   frontRightMethod (maze)
                                                   getDynamicTurnCost (astar_core)
                                                   getImprovedHeuristic (astar_core)
                                                   leftMethod (maze)
                                                   mazeBlockDataGet (maze)
                                                   mouseTurnback (Mouse_Drive)
                                                   mouseTurnleft (Mouse_Drive)
                                                   mouseTurnright (Mouse_Drive)
                                                   objectGoToAstar (maze)
                                                   rightMethod (maze)

    -------------------------------------------------------------------------
  LIBRARY MODULE, NAME : ?F_FLOAT2ULONG

  SEGMENTS IN THE MODULE
  ======================
CODE
  Relative segment, address: 00002F34 - 00002F57 (0x24 bytes), align: 2
  Segment part 0.
           ENTRY                   ADDRESS         REF BY
           =====                   =======         ======
           __aeabi_f2uiz           00002F35 
           __floatToUlong          00002F35        getImprovedHeuristic (astar_core)

    -------------------------------------------------------------------------
  LIBRARY MODULE, NAME : ?F_ULONG2FLOAT

  SEGMENTS IN THE MODULE
  ======================
CODE
  Relative segment, address: 00002F58 - 00002F81 (0x2a bytes), align: 2
  Segment part 0.
           ENTRY                   ADDRESS         REF BY
           =====                   =======         ======
           __aeabi_ui2f            00002F59 
           __ulongToFloat          00002F59        getImprovedHeuristic (astar_core)
           __longToFloatStart      00002F5B 




                ****************************************
                *                                      *
                *      SEGMENTS IN ADDRESS ORDER       *
                *                                      *
                ****************************************


SEGMENT              SPACE    START ADDRESS   END ADDRESS     SIZE  TYPE  ALIGN
=======              =====    =============   ===========     ====  ====  =====
INTVEC                             00000000 - 000000EF          F0   rel    2
CODE                               000000F0 - 00002F81        2E92   rel    2
INITTAB                            00002F84 - 00002F9B          18   rel    2
DATA_ID                            00002F9C - 00002FB0          15   rel    2
DATA_C                             00002FB4 - 0000300E          5B   rel    2
DATA_I                             20000000 - 20000014          15   rel    2
DATA_Z                             20000018 - 200020A7        2090   rel    2

                ****************************************
                *                                      *
                *        END OF CROSS REFERENCE        *
                *                                      *
                ****************************************

 12 162 bytes of CODE  memory
  8 357 bytes of DATA  memory
    136 bytes of CONST memory

Errors: none
Warnings: none

